# abstract-name = concrete package(s) on this base
browser            = firefox-esr
browser-esr        = firefox-esr
office             = libreoffice libreoffice-gtk4
mail               = evolution evolution-ews
firmware-audio     = firmware-sof-signed
firmware-wifi      = firmware-iwlwifi firmware-realtek firmware-atheros firmware-linux
translations       = locales libreoffice-l10n-${LANG} firefox-esr-l10n-${LANG}
spellcheck         = hunspell-${LANG}
# The desktop is provided by the upstream metapackage (mod 05) until packages/ ships.
gnome-desktop      =
rdp-client         = remmina remmina-plugin-rdp
vpn                = network-manager-openvpn-gnome wireguard-tools
printing           = cups printer-driver-all
smartcard          = opensc pcscd
directory          = sssd realmd adcli krb5-user libpam-sss libnss-sss oddjob-mkhomedir
hardening          = apparmor-profiles-extra ufw auditd fwupd unattended-upgrades
usbguard           = usbguard
openscap           = libopenscap25t64 ssg-base
containers         = podman buildah skopeo
evince             = evince
gnome-calendar     = gnome-calendar
build-essential    = build-essential
gdb                = gdb
cmake              = cmake
code-oss           = code-oss
ssh-server         = openssh-server
web-admin          = cockpit cockpit-podman cockpit-networkmanager cockpit-storaged
virtualization     = qemu-system libvirt-daemon-system virtinst
gpu-nvidia         = nvidia-driver nvidia-open-kernel-dkms nvidia-cuda-toolkit
gpu-amd            = rocminfo rocm-smi firmware-amd-graphics
gpu-intel          = libze1 intel-media-va-driver-non-free
ai-dev             = python3-torch python3-venv python3-pip
# Yocto Project reference manual, "Ubuntu and Debian" required packages, plus
# python3-websockets (satisfied on trixie; older Debian 11 needs a venv
# instead). lz4, not the transitional liblz4-tool.
yocto-host-tools   = gawk wget git diffstat unzip texinfo build-essential chrpath socat cpio python3 python3-pip python3-pexpect xz-utils debianutils iputils-ping python3-git python3-jinja2 python3-subunit zstd lz4 file locales libacl1 libcrypt-dev gcc python3-websockets
# Practical build-host tools the manual doesn't list but a real Yocto host
# needs day to day; small enough to ship by default. Only the x86 and arm
# system emulators plus qemu-utils (not the qemu-system metapackage, which
# also pulls mips/ppc/sparc/s390x emulators for roughly 470 MB more).
yocto-practical-tools = rsync bc bison flex libssl-dev git-lfs bmap-tools pigz ccache device-tree-compiler u-boot-tools qemu-system-x86 qemu-system-arm qemu-utils
# Building the Yocto Project documentation, including PDFs (texlive is large:
# this is its own bundle so a person opts in rather than always paying for it).
yocto-doc-tools    = make librsvg2-bin python3-saneyaml python3-venv fonts-freefont-otf latexmk tex-gyre texlive-fonts-extra texlive-fonts-recommended texlive-lang-all texlive-latex-extra texlive-latex-recommended texlive-xetex
# The "test-engine" bundle (profiles/bundles.yml): everything
# packaging/install-test-engine.sh's REQUIREMENTS list installs by hand on a
# spare machine, checked here so a profile can ship the same tooling inside
# the image itself — the container runtime tools/bundle_launcher.sh builds
# in, QEMU and xorriso for the ISO boot smoke test, Tesseract and Pillow for
# its OCR check, and PyYAML for tools/catalog_conformance.py itself
# (docs/BUILD_MATRIX.md, "Installing it as a service"). python3 is listed
# explicitly because this bundle must also work on a profile with no
# desktop, where nothing else already pulls it in.
python3            = python3
pyyaml             = python3-yaml
qemu               = qemu-system-x86
xorriso            = xorriso
tesseract          = tesseract-ocr
pillow             = python3-pil
# Headless-capable Chromium/Chrome, the way tools/devtools_browser.py drives
# it (google-chrome, google-chrome-stable, chromium-browser or chromium).
# Debian's own archive ships a real, native Chromium (unlike Ubuntu's — see
# bases/ubuntu/packages.map — whose "chromium" only installs the Chromium
# snap), which is also why the bundle-catalog's "Test Engine Build Machine"
# entry (bundle-catalog/test-engine/) targets this base.
browser-headless   = chromium
# Bundle-catalog workstation appliances (docs/BUNDLE.md, "The bundle
# catalog"): each catalogued bundle pins one base and one suite in its own
# manifest (this base's only supported suite is trixie, base.env), so a
# package below only has to exist on trixie, checked with rmadison there.
audio-production-tools = ardour pipewire-jack qpwgraph a2jmidid jack-mixer calf-plugins x42-plugins lsp-plugins-jack hydrogen guitarix rakarrack rtkit
video-editing-tools    = kdenlive ffmpeg va-driver-all vainfo mesa-va-drivers vdpau-driver-all
photography-tools      = darktable rawtherapee argyll gphoto2 displaycal
# cad-3d-printing-workstation targets this base specifically for FreeCAD:
# it and Cura are on trixie (and on Ubuntu jammy, but not noble or
# resolute) with a modern FreeCAD 1.0, so this group ships the full CAD
# suite here instead of the OpenSCAD/PrusaSlicer-only set on Ubuntu.
cad-3d-printing-tools  = freecad cura openscad
data-science-tools     = jupyter-notebook python3-numpy python3-scipy python3-pandas python3-matplotlib python3-sklearn python3-seaborn
security-research-tools = nmap wireshark tcpdump aircrack-ng sqlmap nikto hydra john hashcat gobuster whatweb dirb netcat-openbsd libcap2-bin
# libretro-beetle-pce-fast (PC Engine/TurboGrafx-16) is missing from
# trixie, so it is Ubuntu-only (see bases/ubuntu/packages.map).
retro-gaming-tools     = retroarch retroarch-assets joystick jstest-gtk libretro-snes9x libretro-mgba libretro-gambatte libretro-desmume libretro-nestopia
