# abstract-name = concrete package(s) on this base
browser            = firefox-esr
browser-esr        = firefox-esr
office             = libreoffice libreoffice-gtk4
mail               = evolution evolution-ews
firmware-audio     = firmware-sof-signed
firmware-wifi      = firmware-iwlwifi firmware-realtek firmware-atheros firmware-linux
translations       = locales libreoffice-l10n-${LANG} firefox-esr-l10n-${LANG}
spellcheck         = hunspell-${LANG}
# The desktop is provided by the upstream metapackage (mod 05) until packages/ ships.
gnome-desktop      =
rdp-client         = remmina remmina-plugin-rdp
vpn                = network-manager-openvpn-gnome wireguard-tools
printing           = cups printer-driver-all
smartcard          = opensc pcscd
directory          = sssd realmd adcli krb5-user libpam-sss libnss-sss oddjob-mkhomedir
hardening          = apparmor-profiles-extra ufw auditd fwupd unattended-upgrades
usbguard           = usbguard
openscap           = libopenscap25t64 ssg-base
containers         = podman buildah skopeo
evince             = evince
gnome-calendar     = gnome-calendar
build-essential    = build-essential
gdb                = gdb
cmake              = cmake
code-oss           = code-oss
ssh-server         = openssh-server
web-admin          = cockpit cockpit-podman cockpit-networkmanager cockpit-storaged
virtualization     = qemu-system libvirt-daemon-system virtinst
gpu-nvidia         = nvidia-driver nvidia-open-kernel-dkms nvidia-cuda-toolkit
gpu-amd            = rocminfo rocm-smi firmware-amd-graphics
gpu-intel          = libze1 intel-media-va-driver-non-free
ai-dev             = python3-torch python3-venv python3-pip
# Yocto Project reference manual, "Ubuntu and Debian" required packages, plus
# python3-websockets (satisfied on trixie; older Debian 11 needs a venv
# instead). lz4, not the transitional liblz4-tool.
yocto-host-tools   = gawk wget git diffstat unzip texinfo build-essential chrpath socat cpio python3 python3-pip python3-pexpect xz-utils debianutils iputils-ping python3-git python3-jinja2 python3-subunit zstd lz4 file locales libacl1 libcrypt-dev gcc python3-websockets
# Practical build-host tools the manual doesn't list but a real Yocto host
# needs day to day; small enough to ship by default. Only the x86 and arm
# system emulators plus qemu-utils (not the qemu-system metapackage, which
# also pulls mips/ppc/sparc/s390x emulators for roughly 470 MB more).
yocto-practical-tools = rsync bc bison flex libssl-dev git-lfs bmap-tools pigz ccache device-tree-compiler u-boot-tools qemu-system-x86 qemu-system-arm qemu-utils
# Building the Yocto Project documentation, including PDFs (texlive is large:
# this is its own bundle so a person opts in rather than always paying for it).
yocto-doc-tools    = make librsvg2-bin python3-saneyaml python3-venv fonts-freefont-otf latexmk tex-gyre texlive-fonts-extra texlive-fonts-recommended texlive-lang-all texlive-latex-extra texlive-latex-recommended texlive-xetex
